Original Text: 이번 프로젝트 일정 좀 미뤄야 할 것 같아요. 너무 바빠서요.

--- Testing Target: boss ---
Result: 프로젝트 일정 조정이 필요하다고 판단됩니다. 현재 업무 상황이 매우繁忙하여 원활한 진행이 어려울 것으로 예상됩니다. 따라서 프로젝트의 성공적인 완수를 위해 일정 조정이 필요합니다.

--- Testing Target: colleague ---
Result: 이번 프로젝트의 일정에 대해 조정할 필요가 있을 것 같아요. 현재 업무량이 많아 원활한 진행이 어려워서요. 가능한한 조율해 주시면 vraiment 감사하겠습니다. 부탁드립니다.

--- Testing Target: customer ---
Result: 안녕하십니까, 귀한 시간을 내주셔서 진심으로 감사합니다. 현재 진행 중인 프로젝트에 대해 일정 조정을 요청드려서 죄송합니다. 최근 업무량이 많아 보다 효율적인 진행을 위해 일정 조정이 필요할 듯 합니다. 귀하의 이해와 협조를 부탁드리며, 최선의 노력을 다하여 프로젝트를 성공적으로 완수하도록 하겠습니다. 감사합니다.

